exports[`Header component matches snapshot DOM node structures 1`] = `
<DocumentFragment>
  <div 
  class="headerBackdrop" 
  >
  <div 
  class="headerContainer"
  >
  <h3
  class="headerTitle">
  Caldo de Queso
  </h3>
  <img 
  alt="current recipe"
  src="1.jpg"
  />
  <p>
  Lorem ipsum dolor sit amet
  </p>
  <button 
  type="button" 
  >
  Close this Header
  </button>
  </div>
  </div>
  </DocumentFragment>
  `;
